<?xml version="1.0" encoding="utf-8"?>
<TestRun id="6e80bccb-43e0-497a-b0fe-693341ba5c17" name="avist@STRUL-LAPTOP 2025-11-16 04:55:20" runUser="STRUL-LAPTOP\avist" xmlns="http://microsoft.com/schemas/VisualStudio/TeamTest/2010">
  <Times creation="2025-11-16T04:55:20.2831084+02:00" queuing="2025-11-16T04:55:20.2831092+02:00" start="2025-11-16T04:55:15.0265695+02:00" finish="2025-11-16T04:55:53.1826168+02:00" />
  <TestSettings name="default" id="64f8aa48-e6a0-4233-a7f5-e7ef08d8400a">
    <Deployment runDeploymentRoot="avist_STRUL-LAPTOP_2025-11-16_04_55_20" />
  </TestSettings>
  <Results>
    <UnitTestResult executionId="2798481a-eb6d-4bc4-bda5-5c492f44e812" testId="24e55f4b-9d90-c75e-c520-8a8114f4f90f" testName="WebTemplate.E2ETests.SmokeTests.Backend_IsRunning_AndResponsive" computerName="STRUL-LAPTOP" duration="00:00:04.0998259" startTime="2025-11-16T04:55:48.9380079+02:00" endTime="2025-11-16T04:55:48.9380082+02:00" testType="13cdc9d9-ddb5-4fa4-a97d-d965ccfc6d4b" outcome="Failed" testListId="8c84fa94-04c1-424b-9868-57a2d4851a1d" relativeResultsDirectory="2798481a-eb6d-4bc4-bda5-5c492f44e812">
      <Output>
        <ErrorInfo>
          <Message>System.Net.Http.HttpRequestException : No connection could be made because the target machine actively refused it. (localhost:5294)&#xD;
---- System.Net.Sockets.SocketException : No connection could be made because the target machine actively refused it.</Message>
          <StackTrace>   at System.Net.Http.HttpConnectionPool.ConnectToTcpHostAsync(String host, Int32 port, HttpRequestMessage initialRequest, Boolean async, CancellationToken cancellationToken)&#xD;
   at System.Net.Http.HttpConnectionPool.ConnectAsync(HttpRequestMessage request, Boolean async, CancellationToken cancellationToken)&#xD;
   at System.Net.Http.HttpConnectionPool.CreateHttp11ConnectionAsync(HttpRequestMessage request, Boolean async, CancellationToken cancellationToken)&#xD;
   at System.Net.Http.HttpConnectionPool.InjectNewHttp11ConnectionAsync(QueueItem queueItem)&#xD;
   at System.Threading.Tasks.TaskCompletionSourceWithCancellation`1.WaitWithCancellationAsync(CancellationToken cancellationToken)&#xD;
   at System.Net.Http.HttpConnectionPool.SendWithVersionDetectionAndRetryAsync(HttpRequestMessage request, Boolean async, Boolean doRequestAuth, CancellationToken cancellationToken)&#xD;
   at System.Net.Http.RedirectHandler.SendAsync(HttpRequestMessage request, Boolean async, CancellationToken cancellationToken)&#xD;
   at System.Net.Http.HttpClient.&lt;SendAsync&gt;g__Core|83_0(HttpRequestMessage request, HttpCompletionOption completionOption, CancellationTokenSource cts, Boolean disposeCts, CancellationTokenSource pendingRequestsCts, CancellationToken originalCancellationToken)&#xD;
   at WebTemplate.E2ETests.SmokeTests.Backend_IsRunning_AndResponsive() in C:\Users\avist\source\repos\GitHubLocal\Customers\WebTemplate\Backend\WebTemplate.E2ETests\SmokeTests.cs:line 26&#xD;
--- End of stack trace from previous location ---&#xD;
----- Inner Stack Trace -----&#xD;
   at System.Net.Sockets.Socket.AwaitableSocketAsyncEventArgs.ThrowException(SocketError error, CancellationToken cancellationToken)&#xD;
   at System.Net.Sockets.Socket.AwaitableSocketAsyncEventArgs.System.Threading.Tasks.Sources.IValueTaskSource.GetResult(Int16 token)&#xD;
   at System.Net.Sockets.Socket.&lt;ConnectAsync&gt;g__WaitForConnectWithCancellation|285_0(AwaitableSocketAsyncEventArgs saea, ValueTask connectTask, CancellationToken cancellationToken)&#xD;
   at System.Net.Http.HttpConnectionPool.ConnectToTcpHostAsync(String host, Int32 port, HttpRequestMessage initialRequest, Boolean async, CancellationToken cancellationToken)</StackTrace>
        </ErrorInfo>
      </Output>
    </UnitTestResult>
    <UnitTestResult executionId="b48653ce-7931-4f5b-9aee-fd2f0493bf94" testId="a0beac35-b81d-145d-3845-c71ee15057f1" testName="WebTemplate.E2ETests.SmokeTests.Auth_GetStatus_WithValidToken_ReturnsUserInfo" computerName="STRUL-LAPTOP" duration="00:00:04.0959952" startTime="2025-11-16T04:55:44.8389575+02:00" endTime="2025-11-16T04:55:44.8389578+02:00" testType="13cdc9d9-ddb5-4fa4-a97d-d965ccfc6d4b" outcome="Failed" testListId="8c84fa94-04c1-424b-9868-57a2d4851a1d" relativeResultsDirectory="b48653ce-7931-4f5b-9aee-fd2f0493bf94">
      <Output>
        <ErrorInfo>
          <Message>System.Net.Http.HttpRequestException : No connection could be made because the target machine actively refused it. (localhost:5294)&#xD;
---- System.Net.Sockets.SocketException : No connection could be made because the target machine actively refused it.</Message>
          <StackTrace>   at System.Net.Http.HttpConnectionPool.ConnectToTcpHostAsync(String host, Int32 port, HttpRequestMessage initialRequest, Boolean async, CancellationToken cancellationToken)&#xD;
   at System.Net.Http.HttpConnectionPool.ConnectAsync(HttpRequestMessage request, Boolean async, CancellationToken cancellationToken)&#xD;
   at System.Net.Http.HttpConnectionPool.CreateHttp11ConnectionAsync(HttpRequestMessage request, Boolean async, CancellationToken cancellationToken)&#xD;
   at System.Net.Http.HttpConnectionPool.InjectNewHttp11ConnectionAsync(QueueItem queueItem)&#xD;
   at System.Threading.Tasks.TaskCompletionSourceWithCancellation`1.WaitWithCancellationAsync(CancellationToken cancellationToken)&#xD;
   at System.Net.Http.HttpConnectionPool.SendWithVersionDetectionAndRetryAsync(HttpRequestMessage request, Boolean async, Boolean doRequestAuth, CancellationToken cancellationToken)&#xD;
   at System.Net.Http.RedirectHandler.SendAsync(HttpRequestMessage request, Boolean async, CancellationToken cancellationToken)&#xD;
   at System.Net.Http.HttpClient.&lt;SendAsync&gt;g__Core|83_0(HttpRequestMessage request, HttpCompletionOption completionOption, CancellationTokenSource cts, Boolean disposeCts, CancellationTokenSource pendingRequestsCts, CancellationToken originalCancellationToken)&#xD;
   at WebTemplate.E2ETests.E2ETestBase.LoginAsAdminAsync() in C:\Users\avist\source\repos\GitHubLocal\Customers\WebTemplate\Backend\WebTemplate.E2ETests\E2ETestBase.cs:line 46&#xD;
   at WebTemplate.E2ETests.SmokeTests.Auth_GetStatus_WithValidToken_ReturnsUserInfo() in C:\Users\avist\source\repos\GitHubLocal\Customers\WebTemplate\Backend\WebTemplate.E2ETests\SmokeTests.cs:line 64&#xD;
--- End of stack trace from previous location ---&#xD;
----- Inner Stack Trace -----&#xD;
   at System.Net.Sockets.Socket.AwaitableSocketAsyncEventArgs.ThrowException(SocketError error, CancellationToken cancellationToken)&#xD;
   at System.Net.Sockets.Socket.AwaitableSocketAsyncEventArgs.System.Threading.Tasks.Sources.IValueTaskSource.GetResult(Int16 token)&#xD;
   at System.Net.Sockets.Socket.&lt;ConnectAsync&gt;g__WaitForConnectWithCancellation|285_0(AwaitableSocketAsyncEventArgs saea, ValueTask connectTask, CancellationToken cancellationToken)&#xD;
   at System.Net.Http.HttpConnectionPool.ConnectToTcpHostAsync(String host, Int32 port, HttpRequestMessage initialRequest, Boolean async, CancellationToken cancellationToken)</StackTrace>
        </ErrorInfo>
      </Output>
    </UnitTestResult>
    <UnitTestResult executionId="20b9da20-d896-4820-b09f-86573c038ec6" testId="8edf175e-6e5a-ef6e-12bf-3d8626c96773" testName="WebTemplate.E2ETests.AuthFlowTests.Login_WithInvalidCredentials_ReturnsBadRequest" computerName="STRUL-LAPTOP" duration="00:00:04.1004992" startTime="2025-11-16T04:55:24.3269031+02:00" endTime="2025-11-16T04:55:24.3269037+02:00" testType="13cdc9d9-ddb5-4fa4-a97d-d965ccfc6d4b" outcome="Failed" testListId="8c84fa94-04c1-424b-9868-57a2d4851a1d" relativeResultsDirectory="20b9da20-d896-4820-b09f-86573c038ec6">
      <Output>
        <ErrorInfo>
          <Message>System.Net.Http.HttpRequestException : No connection could be made because the target machine actively refused it. (localhost:5294)&#xD;
---- System.Net.Sockets.SocketException : No connection could be made because the target machine actively refused it.</Message>
          <StackTrace>   at System.Net.Http.HttpConnectionPool.ConnectToTcpHostAsync(String host, Int32 port, HttpRequestMessage initialRequest, Boolean async, CancellationToken cancellationToken)&#xD;
   at System.Net.Http.HttpConnectionPool.ConnectAsync(HttpRequestMessage request, Boolean async, CancellationToken cancellationToken)&#xD;
   at System.Net.Http.HttpConnectionPool.CreateHttp11ConnectionAsync(HttpRequestMessage request, Boolean async, CancellationToken cancellationToken)&#xD;
   at System.Net.Http.HttpConnectionPool.InjectNewHttp11ConnectionAsync(QueueItem queueItem)&#xD;
   at System.Threading.Tasks.TaskCompletionSourceWithCancellation`1.WaitWithCancellationAsync(CancellationToken cancellationToken)&#xD;
   at System.Net.Http.HttpConnectionPool.SendWithVersionDetectionAndRetryAsync(HttpRequestMessage request, Boolean async, Boolean doRequestAuth, CancellationToken cancellationToken)&#xD;
   at System.Net.Http.RedirectHandler.SendAsync(HttpRequestMessage request, Boolean async, CancellationToken cancellationToken)&#xD;
   at System.Net.Http.HttpClient.&lt;SendAsync&gt;g__Core|83_0(HttpRequestMessage request, HttpCompletionOption completionOption, CancellationTokenSource cts, Boolean disposeCts, CancellationTokenSource pendingRequestsCts, CancellationToken originalCancellationToken)&#xD;
   at WebTemplate.E2ETests.AuthFlowTests.Login_WithInvalidCredentials_ReturnsBadRequest() in C:\Users\avist\source\repos\GitHubLocal\Customers\WebTemplate\Backend\WebTemplate.E2ETests\AuthFlowTests.cs:line 67&#xD;
--- End of stack trace from previous location ---&#xD;
----- Inner Stack Trace -----&#xD;
   at System.Net.Sockets.Socket.AwaitableSocketAsyncEventArgs.ThrowException(SocketError error, CancellationToken cancellationToken)&#xD;
   at System.Net.Sockets.Socket.AwaitableSocketAsyncEventArgs.System.Threading.Tasks.Sources.IValueTaskSource.GetResult(Int16 token)&#xD;
   at System.Net.Sockets.Socket.&lt;ConnectAsync&gt;g__WaitForConnectWithCancellation|285_0(AwaitableSocketAsyncEventArgs saea, ValueTask connectTask, CancellationToken cancellationToken)&#xD;
   at System.Net.Http.HttpConnectionPool.ConnectToTcpHostAsync(String host, Int32 port, HttpRequestMessage initialRequest, Boolean async, CancellationToken cancellationToken)</StackTrace>
        </ErrorInfo>
      </Output>
    </UnitTestResult>
    <UnitTestResult executionId="f823d9f4-129a-4bdb-973e-93631dc70a34" testId="f8799057-0d0e-5042-ca06-c08cf86cd470" testName="WebTemplate.E2ETests.AuthFlowTests.Register_WithDuplicateEmail_ReturnsBadRequest" computerName="STRUL-LAPTOP" duration="00:00:04.1088141" startTime="2025-11-16T04:55:28.4397316+02:00" endTime="2025-11-16T04:55:28.4397321+02:00" testType="13cdc9d9-ddb5-4fa4-a97d-d965ccfc6d4b" outcome="Failed" testListId="8c84fa94-04c1-424b-9868-57a2d4851a1d" relativeResultsDirectory="f823d9f4-129a-4bdb-973e-93631dc70a34">
      <Output>
        <ErrorInfo>
          <Message>System.Net.Http.HttpRequestException : No connection could be made because the target machine actively refused it. (localhost:5294)&#xD;
---- System.Net.Sockets.SocketException : No connection could be made because the target machine actively refused it.</Message>
          <StackTrace>   at System.Net.Http.HttpConnectionPool.ConnectToTcpHostAsync(String host, Int32 port, HttpRequestMessage initialRequest, Boolean async, CancellationToken cancellationToken)&#xD;
   at System.Net.Http.HttpConnectionPool.ConnectAsync(HttpRequestMessage request, Boolean async, CancellationToken cancellationToken)&#xD;
   at System.Net.Http.HttpConnectionPool.CreateHttp11ConnectionAsync(HttpRequestMessage request, Boolean async, CancellationToken cancellationToken)&#xD;
   at System.Net.Http.HttpConnectionPool.InjectNewHttp11ConnectionAsync(QueueItem queueItem)&#xD;
   at System.Threading.Tasks.TaskCompletionSourceWithCancellation`1.WaitWithCancellationAsync(CancellationToken cancellationToken)&#xD;
   at System.Net.Http.HttpConnectionPool.SendWithVersionDetectionAndRetryAsync(HttpRequestMessage request, Boolean async, Boolean doRequestAuth, CancellationToken cancellationToken)&#xD;
   at System.Net.Http.RedirectHandler.SendAsync(HttpRequestMessage request, Boolean async, CancellationToken cancellationToken)&#xD;
   at System.Net.Http.HttpClient.&lt;SendAsync&gt;g__Core|83_0(HttpRequestMessage request, HttpCompletionOption completionOption, CancellationTokenSource cts, Boolean disposeCts, CancellationTokenSource pendingRequestsCts, CancellationToken originalCancellationToken)&#xD;
   at WebTemplate.E2ETests.E2ETestBase.RegisterUserAsync(String email, String password, String firstName, String lastName) in C:\Users\avist\source\repos\GitHubLocal\Customers\WebTemplate\Backend\WebTemplate.E2ETests\E2ETestBase.cs:line 72&#xD;
   at WebTemplate.E2ETests.AuthFlowTests.Register_WithDuplicateEmail_ReturnsBadRequest() in C:\Users\avist\source\repos\GitHubLocal\Customers\WebTemplate\Backend\WebTemplate.E2ETests\AuthFlowTests.cs:line 78&#xD;
--- End of stack trace from previous location ---&#xD;
----- Inner Stack Trace -----&#xD;
   at System.Net.Sockets.Socket.AwaitableSocketAsyncEventArgs.ThrowException(SocketError error, CancellationToken cancellationToken)&#xD;
   at System.Net.Sockets.Socket.AwaitableSocketAsyncEventArgs.System.Threading.Tasks.Sources.IValueTaskSource.GetResult(Int16 token)&#xD;
   at System.Net.Sockets.Socket.&lt;ConnectAsync&gt;g__WaitForConnectWithCancellation|285_0(AwaitableSocketAsyncEventArgs saea, ValueTask connectTask, CancellationToken cancellationToken)&#xD;
   at System.Net.Http.HttpConnectionPool.ConnectToTcpHostAsync(String host, Int32 port, HttpRequestMessage initialRequest, Boolean async, CancellationToken cancellationToken)</StackTrace>
        </ErrorInfo>
      </Output>
    </UnitTestResult>
    <UnitTestResult executionId="61faef4e-6a96-43cb-ba40-75a530b5928b" testId="65c8a614-998d-7932-2d63-d947d769200d" testName="WebTemplate.E2ETests.AuthFlowTests.RefreshToken_WithValidToken_ReturnsNewTokens" computerName="STRUL-LAPTOP" duration="00:00:04.2626242" startTime="2025-11-16T04:55:20.2265393+02:00" endTime="2025-11-16T04:55:20.2265791+02:00" testType="13cdc9d9-ddb5-4fa4-a97d-d965ccfc6d4b" outcome="Failed" testListId="8c84fa94-04c1-424b-9868-57a2d4851a1d" relativeResultsDirectory="61faef4e-6a96-43cb-ba40-75a530b5928b">
      <Output>
        <ErrorInfo>
          <Message>System.Net.Http.HttpRequestException : No connection could be made because the target machine actively refused it. (localhost:5294)&#xD;
---- System.Net.Sockets.SocketException : No connection could be made because the target machine actively refused it.</Message>
          <StackTrace>   at System.Net.Http.HttpConnectionPool.ConnectToTcpHostAsync(String host, Int32 port, HttpRequestMessage initialRequest, Boolean async, CancellationToken cancellationToken)&#xD;
   at System.Net.Http.HttpConnectionPool.ConnectAsync(HttpRequestMessage request, Boolean async, CancellationToken cancellationToken)&#xD;
   at System.Net.Http.HttpConnectionPool.CreateHttp11ConnectionAsync(HttpRequestMessage request, Boolean async, CancellationToken cancellationToken)&#xD;
   at System.Net.Http.HttpConnectionPool.InjectNewHttp11ConnectionAsync(QueueItem queueItem)&#xD;
   at System.Threading.Tasks.TaskCompletionSourceWithCancellation`1.WaitWithCancellationAsync(CancellationToken cancellationToken)&#xD;
   at System.Net.Http.HttpConnectionPool.SendWithVersionDetectionAndRetryAsync(HttpRequestMessage request, Boolean async, Boolean doRequestAuth, CancellationToken cancellationToken)&#xD;
   at System.Net.Http.RedirectHandler.SendAsync(HttpRequestMessage request, Boolean async, CancellationToken cancellationToken)&#xD;
   at System.Net.Http.HttpClient.&lt;SendAsync&gt;g__Core|83_0(HttpRequestMessage request, HttpCompletionOption completionOption, CancellationTokenSource cts, Boolean disposeCts, CancellationTokenSource pendingRequestsCts, CancellationToken originalCancellationToken)&#xD;
   at WebTemplate.E2ETests.AuthFlowTests.RefreshToken_WithValidToken_ReturnsNewTokens() in C:\Users\avist\source\repos\GitHubLocal\Customers\WebTemplate\Backend\WebTemplate.E2ETests\AuthFlowTests.cs:line 105&#xD;
--- End of stack trace from previous location ---&#xD;
----- Inner Stack Trace -----&#xD;
   at System.Net.Sockets.Socket.AwaitableSocketAsyncEventArgs.ThrowException(SocketError error, CancellationToken cancellationToken)&#xD;
   at System.Net.Sockets.Socket.AwaitableSocketAsyncEventArgs.System.Threading.Tasks.Sources.IValueTaskSource.GetResult(Int16 token)&#xD;
   at System.Net.Sockets.Socket.&lt;ConnectAsync&gt;g__WaitForConnectWithCancellation|285_0(AwaitableSocketAsyncEventArgs saea, ValueTask connectTask, CancellationToken cancellationToken)&#xD;
   at System.Net.Http.HttpConnectionPool.ConnectToTcpHostAsync(String host, Int32 port, HttpRequestMessage initialRequest, Boolean async, CancellationToken cancellationToken)</StackTrace>
        </ErrorInfo>
      </Output>
    </UnitTestResult>
    <UnitTestResult executionId="c0c82798-3ac9-4ff7-ac35-32f74f6657a4" testId="a9fa276b-9edc-7365-095b-eb56cc9af323" testName="WebTemplate.E2ETests.SmokeTests.Auth_AdminLogin_Succeeds" computerName="STRUL-LAPTOP" duration="00:00:04.0861518" startTime="2025-11-16T04:55:40.7372521+02:00" endTime="2025-11-16T04:55:40.7372526+02:00" testType="13cdc9d9-ddb5-4fa4-a97d-d965ccfc6d4b" outcome="Failed" testListId="8c84fa94-04c1-424b-9868-57a2d4851a1d" relativeResultsDirectory="c0c82798-3ac9-4ff7-ac35-32f74f6657a4">
      <Output>
        <ErrorInfo>
          <Message>System.Net.Http.HttpRequestException : No connection could be made because the target machine actively refused it. (localhost:5294)&#xD;
---- System.Net.Sockets.SocketException : No connection could be made because the target machine actively refused it.</Message>
          <StackTrace>   at System.Net.Http.HttpConnectionPool.ConnectToTcpHostAsync(String host, Int32 port, HttpRequestMessage initialRequest, Boolean async, CancellationToken cancellationToken)&#xD;
   at System.Net.Http.HttpConnectionPool.ConnectAsync(HttpRequestMessage request, Boolean async, CancellationToken cancellationToken)&#xD;
   at System.Net.Http.HttpConnectionPool.CreateHttp11ConnectionAsync(HttpRequestMessage request, Boolean async, CancellationToken cancellationToken)&#xD;
   at System.Net.Http.HttpConnectionPool.InjectNewHttp11ConnectionAsync(QueueItem queueItem)&#xD;
   at System.Threading.Tasks.TaskCompletionSourceWithCancellation`1.WaitWithCancellationAsync(CancellationToken cancellationToken)&#xD;
   at System.Net.Http.HttpConnectionPool.SendWithVersionDetectionAndRetryAsync(HttpRequestMessage request, Boolean async, Boolean doRequestAuth, CancellationToken cancellationToken)&#xD;
   at System.Net.Http.RedirectHandler.SendAsync(HttpRequestMessage request, Boolean async, CancellationToken cancellationToken)&#xD;
   at System.Net.Http.HttpClient.&lt;SendAsync&gt;g__Core|83_0(HttpRequestMessage request, HttpCompletionOption completionOption, CancellationTokenSource cts, Boolean disposeCts, CancellationTokenSource pendingRequestsCts, CancellationToken originalCancellationToken)&#xD;
   at WebTemplate.E2ETests.E2ETestBase.LoginAsAdminAsync() in C:\Users\avist\source\repos\GitHubLocal\Customers\WebTemplate\Backend\WebTemplate.E2ETests\E2ETestBase.cs:line 46&#xD;
   at WebTemplate.E2ETests.SmokeTests.Auth_AdminLogin_Succeeds() in C:\Users\avist\source\repos\GitHubLocal\Customers\WebTemplate\Backend\WebTemplate.E2ETests\SmokeTests.cs:line 39&#xD;
--- End of stack trace from previous location ---&#xD;
----- Inner Stack Trace -----&#xD;
   at System.Net.Sockets.Socket.AwaitableSocketAsyncEventArgs.ThrowException(SocketError error, CancellationToken cancellationToken)&#xD;
   at System.Net.Sockets.Socket.AwaitableSocketAsyncEventArgs.System.Threading.Tasks.Sources.IValueTaskSource.GetResult(Int16 token)&#xD;
   at System.Net.Sockets.Socket.&lt;ConnectAsync&gt;g__WaitForConnectWithCancellation|285_0(AwaitableSocketAsyncEventArgs saea, ValueTask connectTask, CancellationToken cancellationToken)&#xD;
   at System.Net.Http.HttpConnectionPool.ConnectToTcpHostAsync(String host, Int32 port, HttpRequestMessage initialRequest, Boolean async, CancellationToken cancellationToken)</StackTrace>
        </ErrorInfo>
      </Output>
    </UnitTestResult>
    <UnitTestResult executionId="befa319d-af34-45dc-869e-2ed042241acc" testId="4093e2e0-e458-2062-da1c-c574e97ab4cb" testName="WebTemplate.E2ETests.SmokeTests.Auth_RegisterNewUser_Succeeds" computerName="STRUL-LAPTOP" duration="00:00:04.0985935" startTime="2025-11-16T04:55:36.6497684+02:00" endTime="2025-11-16T04:55:36.6497691+02:00" testType="13cdc9d9-ddb5-4fa4-a97d-d965ccfc6d4b" outcome="Failed" testListId="8c84fa94-04c1-424b-9868-57a2d4851a1d" relativeResultsDirectory="befa319d-af34-45dc-869e-2ed042241acc">
      <Output>
        <ErrorInfo>
          <Message>System.Net.Http.HttpRequestException : No connection could be made because the target machine actively refused it. (localhost:5294)&#xD;
---- System.Net.Sockets.SocketException : No connection could be made because the target machine actively refused it.</Message>
          <StackTrace>   at System.Net.Http.HttpConnectionPool.ConnectToTcpHostAsync(String host, Int32 port, HttpRequestMessage initialRequest, Boolean async, CancellationToken cancellationToken)&#xD;
   at System.Net.Http.HttpConnectionPool.ConnectAsync(HttpRequestMessage request, Boolean async, CancellationToken cancellationToken)&#xD;
   at System.Net.Http.HttpConnectionPool.CreateHttp11ConnectionAsync(HttpRequestMessage request, Boolean async, CancellationToken cancellationToken)&#xD;
   at System.Net.Http.HttpConnectionPool.InjectNewHttp11ConnectionAsync(QueueItem queueItem)&#xD;
   at System.Threading.Tasks.TaskCompletionSourceWithCancellation`1.WaitWithCancellationAsync(CancellationToken cancellationToken)&#xD;
   at System.Net.Http.HttpConnectionPool.SendWithVersionDetectionAndRetryAsync(HttpRequestMessage request, Boolean async, Boolean doRequestAuth, CancellationToken cancellationToken)&#xD;
   at System.Net.Http.RedirectHandler.SendAsync(HttpRequestMessage request, Boolean async, CancellationToken cancellationToken)&#xD;
   at System.Net.Http.HttpClient.&lt;SendAsync&gt;g__Core|83_0(HttpRequestMessage request, HttpCompletionOption completionOption, CancellationTokenSource cts, Boolean disposeCts, CancellationTokenSource pendingRequestsCts, CancellationToken originalCancellationToken)&#xD;
   at WebTemplate.E2ETests.E2ETestBase.RegisterUserAsync(String email, String password, String firstName, String lastName) in C:\Users\avist\source\repos\GitHubLocal\Customers\WebTemplate\Backend\WebTemplate.E2ETests\E2ETestBase.cs:line 72&#xD;
   at WebTemplate.E2ETests.SmokeTests.Auth_RegisterNewUser_Succeeds() in C:\Users\avist\source\repos\GitHubLocal\Customers\WebTemplate\Backend\WebTemplate.E2ETests\SmokeTests.cs:line 53&#xD;
--- End of stack trace from previous location ---&#xD;
----- Inner Stack Trace -----&#xD;
   at System.Net.Sockets.Socket.AwaitableSocketAsyncEventArgs.ThrowException(SocketError error, CancellationToken cancellationToken)&#xD;
   at System.Net.Sockets.Socket.AwaitableSocketAsyncEventArgs.System.Threading.Tasks.Sources.IValueTaskSource.GetResult(Int16 token)&#xD;
   at System.Net.Sockets.Socket.&lt;ConnectAsync&gt;g__WaitForConnectWithCancellation|285_0(AwaitableSocketAsyncEventArgs saea, ValueTask connectTask, CancellationToken cancellationToken)&#xD;
   at System.Net.Http.HttpConnectionPool.ConnectToTcpHostAsync(String host, Int32 port, HttpRequestMessage initialRequest, Boolean async, CancellationToken cancellationToken)</StackTrace>
        </ErrorInfo>
      </Output>
    </UnitTestResult>
    <UnitTestResult executionId="da05af16-7552-44ce-8aa3-cf8aa6d8a649" testId="42c8926a-e956-059a-de04-084c766a92e5" testName="WebTemplate.E2ETests.SmokeTests.User_GetProfile_WithValidToken_ReturnsProfile" computerName="STRUL-LAPTOP" duration="00:00:04.0885612" startTime="2025-11-16T04:55:53.0327065+02:00" endTime="2025-11-16T04:55:53.0327069+02:00" testType="13cdc9d9-ddb5-4fa4-a97d-d965ccfc6d4b" outcome="Failed" testListId="8c84fa94-04c1-424b-9868-57a2d4851a1d" relativeResultsDirectory="da05af16-7552-44ce-8aa3-cf8aa6d8a649">
      <Output>
        <ErrorInfo>
          <Message>System.Net.Http.HttpRequestException : No connection could be made because the target machine actively refused it. (localhost:5294)&#xD;
---- System.Net.Sockets.SocketException : No connection could be made because the target machine actively refused it.</Message>
          <StackTrace>   at System.Net.Http.HttpConnectionPool.ConnectToTcpHostAsync(String host, Int32 port, HttpRequestMessage initialRequest, Boolean async, CancellationToken cancellationToken)&#xD;
   at System.Net.Http.HttpConnectionPool.ConnectAsync(HttpRequestMessage request, Boolean async, CancellationToken cancellationToken)&#xD;
   at System.Net.Http.HttpConnectionPool.CreateHttp11ConnectionAsync(HttpRequestMessage request, Boolean async, CancellationToken cancellationToken)&#xD;
   at System.Net.Http.HttpConnectionPool.InjectNewHttp11ConnectionAsync(QueueItem queueItem)&#xD;
   at System.Threading.Tasks.TaskCompletionSourceWithCancellation`1.WaitWithCancellationAsync(CancellationToken cancellationToken)&#xD;
   at System.Net.Http.HttpConnectionPool.SendWithVersionDetectionAndRetryAsync(HttpRequestMessage request, Boolean async, Boolean doRequestAuth, CancellationToken cancellationToken)&#xD;
   at System.Net.Http.RedirectHandler.SendAsync(HttpRequestMessage request, Boolean async, CancellationToken cancellationToken)&#xD;
   at System.Net.Http.HttpClient.&lt;SendAsync&gt;g__Core|83_0(HttpRequestMessage request, HttpCompletionOption completionOption, CancellationTokenSource cts, Boolean disposeCts, CancellationTokenSource pendingRequestsCts, CancellationToken originalCancellationToken)&#xD;
   at WebTemplate.E2ETests.E2ETestBase.LoginAsAdminAsync() in C:\Users\avist\source\repos\GitHubLocal\Customers\WebTemplate\Backend\WebTemplate.E2ETests\E2ETestBase.cs:line 46&#xD;
   at WebTemplate.E2ETests.SmokeTests.User_GetProfile_WithValidToken_ReturnsProfile() in C:\Users\avist\source\repos\GitHubLocal\Customers\WebTemplate\Backend\WebTemplate.E2ETests\SmokeTests.cs:line 82&#xD;
--- End of stack trace from previous location ---&#xD;
----- Inner Stack Trace -----&#xD;
   at System.Net.Sockets.Socket.AwaitableSocketAsyncEventArgs.ThrowException(SocketError error, CancellationToken cancellationToken)&#xD;
   at System.Net.Sockets.Socket.AwaitableSocketAsyncEventArgs.System.Threading.Tasks.Sources.IValueTaskSource.GetResult(Int16 token)&#xD;
   at System.Net.Sockets.Socket.&lt;ConnectAsync&gt;g__WaitForConnectWithCancellation|285_0(AwaitableSocketAsyncEventArgs saea, ValueTask connectTask, CancellationToken cancellationToken)&#xD;
   at System.Net.Http.HttpConnectionPool.ConnectToTcpHostAsync(String host, Int32 port, HttpRequestMessage initialRequest, Boolean async, CancellationToken cancellationToken)</StackTrace>
        </ErrorInfo>
      </Output>
    </UnitTestResult>
    <UnitTestResult executionId="dbd2c4f1-8303-4542-8e88-08392a4b9c33" testId="8b0141d1-370a-4bfe-ee81-0fc9e5a4774e" testName="WebTemplate.E2ETests.AuthFlowTests.FullAuthFlow_RegisterLoginLogout_WorksCorrectly" computerName="STRUL-LAPTOP" duration="00:00:04.0984119" startTime="2025-11-16T04:55:32.5439311+02:00" endTime="2025-11-16T04:55:32.5439315+02:00" testType="13cdc9d9-ddb5-4fa4-a97d-d965ccfc6d4b" outcome="Failed" testListId="8c84fa94-04c1-424b-9868-57a2d4851a1d" relativeResultsDirectory="dbd2c4f1-8303-4542-8e88-08392a4b9c33">
      <Output>
        <ErrorInfo>
          <Message>System.Net.Http.HttpRequestException : No connection could be made because the target machine actively refused it. (localhost:5294)&#xD;
---- System.Net.Sockets.SocketException : No connection could be made because the target machine actively refused it.</Message>
          <StackTrace>   at System.Net.Http.HttpConnectionPool.ConnectToTcpHostAsync(String host, Int32 port, HttpRequestMessage initialRequest, Boolean async, CancellationToken cancellationToken)&#xD;
   at System.Net.Http.HttpConnectionPool.ConnectAsync(HttpRequestMessage request, Boolean async, CancellationToken cancellationToken)&#xD;
   at System.Net.Http.HttpConnectionPool.CreateHttp11ConnectionAsync(HttpRequestMessage request, Boolean async, CancellationToken cancellationToken)&#xD;
   at System.Net.Http.HttpConnectionPool.InjectNewHttp11ConnectionAsync(QueueItem queueItem)&#xD;
   at System.Threading.Tasks.TaskCompletionSourceWithCancellation`1.WaitWithCancellationAsync(CancellationToken cancellationToken)&#xD;
   at System.Net.Http.HttpConnectionPool.SendWithVersionDetectionAndRetryAsync(HttpRequestMessage request, Boolean async, Boolean doRequestAuth, CancellationToken cancellationToken)&#xD;
   at System.Net.Http.RedirectHandler.SendAsync(HttpRequestMessage request, Boolean async, CancellationToken cancellationToken)&#xD;
   at System.Net.Http.HttpClient.&lt;SendAsync&gt;g__Core|83_0(HttpRequestMessage request, HttpCompletionOption completionOption, CancellationTokenSource cts, Boolean disposeCts, CancellationTokenSource pendingRequestsCts, CancellationToken originalCancellationToken)&#xD;
   at WebTemplate.E2ETests.E2ETestBase.RegisterUserAsync(String email, String password, String firstName, String lastName) in C:\Users\avist\source\repos\GitHubLocal\Customers\WebTemplate\Backend\WebTemplate.E2ETests\E2ETestBase.cs:line 72&#xD;
   at WebTemplate.E2ETests.AuthFlowTests.FullAuthFlow_RegisterLoginLogout_WorksCorrectly() in C:\Users\avist\source\repos\GitHubLocal\Customers\WebTemplate\Backend\WebTemplate.E2ETests\AuthFlowTests.cs:line 25&#xD;
--- End of stack trace from previous location ---&#xD;
----- Inner Stack Trace -----&#xD;
   at System.Net.Sockets.Socket.AwaitableSocketAsyncEventArgs.ThrowException(SocketError error, CancellationToken cancellationToken)&#xD;
   at System.Net.Sockets.Socket.AwaitableSocketAsyncEventArgs.System.Threading.Tasks.Sources.IValueTaskSource.GetResult(Int16 token)&#xD;
   at System.Net.Sockets.Socket.&lt;ConnectAsync&gt;g__WaitForConnectWithCancellation|285_0(AwaitableSocketAsyncEventArgs saea, ValueTask connectTask, CancellationToken cancellationToken)&#xD;
   at System.Net.Http.HttpConnectionPool.ConnectToTcpHostAsync(String host, Int32 port, HttpRequestMessage initialRequest, Boolean async, CancellationToken cancellationToken)</StackTrace>
        </ErrorInfo>
      </Output>
    </UnitTestResult>
  </Results>
  <TestDefinitions>
    <UnitTest name="WebTemplate.E2ETests.SmokeTests.Auth_GetStatus_WithValidToken_ReturnsUserInfo" storage="c:\users\avist\source\repos\githublocal\customers\webtemplate\backend\webtemplate.e2etests\bin\debug\net9.0\webtemplate.e2etests.dll" id="a0beac35-b81d-145d-3845-c71ee15057f1">
      <Execution id="b48653ce-7931-4f5b-9aee-fd2f0493bf94" />
      <TestMethod codeBase="C:\Users\avist\source\repos\GitHubLocal\Customers\WebTemplate\Backend\WebTemplate.E2ETests\bin\Debug\net9.0\WebTemplate.E2ETests.dll" adapterTypeName="executor://xunit/VsTestRunner2/netcoreapp" className="WebTemplate.E2ETests.SmokeTests" name="Auth_GetStatus_WithValidToken_ReturnsUserInfo" />
    </UnitTest>
    <UnitTest name="WebTemplate.E2ETests.AuthFlowTests.Register_WithDuplicateEmail_ReturnsBadRequest" storage="c:\users\avist\source\repos\githublocal\customers\webtemplate\backend\webtemplate.e2etests\bin\debug\net9.0\webtemplate.e2etests.dll" id="f8799057-0d0e-5042-ca06-c08cf86cd470">
      <Execution id="f823d9f4-129a-4bdb-973e-93631dc70a34" />
      <TestMethod codeBase="C:\Users\avist\source\repos\GitHubLocal\Customers\WebTemplate\Backend\WebTemplate.E2ETests\bin\Debug\net9.0\WebTemplate.E2ETests.dll" adapterTypeName="executor://xunit/VsTestRunner2/netcoreapp" className="WebTemplate.E2ETests.AuthFlowTests" name="Register_WithDuplicateEmail_ReturnsBadRequest" />
    </UnitTest>
    <UnitTest name="WebTemplate.E2ETests.AuthFlowTests.Login_WithInvalidCredentials_ReturnsBadRequest" storage="c:\users\avist\source\repos\githublocal\customers\webtemplate\backend\webtemplate.e2etests\bin\debug\net9.0\webtemplate.e2etests.dll" id="8edf175e-6e5a-ef6e-12bf-3d8626c96773">
      <Execution id="20b9da20-d896-4820-b09f-86573c038ec6" />
      <TestMethod codeBase="C:\Users\avist\source\repos\GitHubLocal\Customers\WebTemplate\Backend\WebTemplate.E2ETests\bin\Debug\net9.0\WebTemplate.E2ETests.dll" adapterTypeName="executor://xunit/VsTestRunner2/netcoreapp" className="WebTemplate.E2ETests.AuthFlowTests" name="Login_WithInvalidCredentials_ReturnsBadRequest" />
    </UnitTest>
    <UnitTest name="WebTemplate.E2ETests.SmokeTests.User_GetProfile_WithValidToken_ReturnsProfile" storage="c:\users\avist\source\repos\githublocal\customers\webtemplate\backend\webtemplate.e2etests\bin\debug\net9.0\webtemplate.e2etests.dll" id="42c8926a-e956-059a-de04-084c766a92e5">
      <Execution id="da05af16-7552-44ce-8aa3-cf8aa6d8a649" />
      <TestMethod codeBase="C:\Users\avist\source\repos\GitHubLocal\Customers\WebTemplate\Backend\WebTemplate.E2ETests\bin\Debug\net9.0\WebTemplate.E2ETests.dll" adapterTypeName="executor://xunit/VsTestRunner2/netcoreapp" className="WebTemplate.E2ETests.SmokeTests" name="User_GetProfile_WithValidToken_ReturnsProfile" />
    </UnitTest>
    <UnitTest name="WebTemplate.E2ETests.AuthFlowTests.RefreshToken_WithValidToken_ReturnsNewTokens" storage="c:\users\avist\source\repos\githublocal\customers\webtemplate\backend\webtemplate.e2etests\bin\debug\net9.0\webtemplate.e2etests.dll" id="65c8a614-998d-7932-2d63-d947d769200d">
      <Execution id="61faef4e-6a96-43cb-ba40-75a530b5928b" />
      <TestMethod codeBase="C:\Users\avist\source\repos\GitHubLocal\Customers\WebTemplate\Backend\WebTemplate.E2ETests\bin\Debug\net9.0\WebTemplate.E2ETests.dll" adapterTypeName="executor://xunit/VsTestRunner2/netcoreapp" className="WebTemplate.E2ETests.AuthFlowTests" name="RefreshToken_WithValidToken_ReturnsNewTokens" />
    </UnitTest>
    <UnitTest name="WebTemplate.E2ETests.SmokeTests.Auth_RegisterNewUser_Succeeds" storage="c:\users\avist\source\repos\githublocal\customers\webtemplate\backend\webtemplate.e2etests\bin\debug\net9.0\webtemplate.e2etests.dll" id="4093e2e0-e458-2062-da1c-c574e97ab4cb">
      <Execution id="befa319d-af34-45dc-869e-2ed042241acc" />
      <TestMethod codeBase="C:\Users\avist\source\repos\GitHubLocal\Customers\WebTemplate\Backend\WebTemplate.E2ETests\bin\Debug\net9.0\WebTemplate.E2ETests.dll" adapterTypeName="executor://xunit/VsTestRunner2/netcoreapp" className="WebTemplate.E2ETests.SmokeTests" name="Auth_RegisterNewUser_Succeeds" />
    </UnitTest>
    <UnitTest name="WebTemplate.E2ETests.SmokeTests.Auth_AdminLogin_Succeeds" storage="c:\users\avist\source\repos\githublocal\customers\webtemplate\backend\webtemplate.e2etests\bin\debug\net9.0\webtemplate.e2etests.dll" id="a9fa276b-9edc-7365-095b-eb56cc9af323">
      <Execution id="c0c82798-3ac9-4ff7-ac35-32f74f6657a4" />
      <TestMethod codeBase="C:\Users\avist\source\repos\GitHubLocal\Customers\WebTemplate\Backend\WebTemplate.E2ETests\bin\Debug\net9.0\WebTemplate.E2ETests.dll" adapterTypeName="executor://xunit/VsTestRunner2/netcoreapp" className="WebTemplate.E2ETests.SmokeTests" name="Auth_AdminLogin_Succeeds" />
    </UnitTest>
    <UnitTest name="WebTemplate.E2ETests.SmokeTests.Backend_IsRunning_AndResponsive" storage="c:\users\avist\source\repos\githublocal\customers\webtemplate\backend\webtemplate.e2etests\bin\debug\net9.0\webtemplate.e2etests.dll" id="24e55f4b-9d90-c75e-c520-8a8114f4f90f">
      <Execution id="2798481a-eb6d-4bc4-bda5-5c492f44e812" />
      <TestMethod codeBase="C:\Users\avist\source\repos\GitHubLocal\Customers\WebTemplate\Backend\WebTemplate.E2ETests\bin\Debug\net9.0\WebTemplate.E2ETests.dll" adapterTypeName="executor://xunit/VsTestRunner2/netcoreapp" className="WebTemplate.E2ETests.SmokeTests" name="Backend_IsRunning_AndResponsive" />
    </UnitTest>
    <UnitTest name="WebTemplate.E2ETests.AuthFlowTests.FullAuthFlow_RegisterLoginLogout_WorksCorrectly" storage="c:\users\avist\source\repos\githublocal\customers\webtemplate\backend\webtemplate.e2etests\bin\debug\net9.0\webtemplate.e2etests.dll" id="8b0141d1-370a-4bfe-ee81-0fc9e5a4774e">
      <Execution id="dbd2c4f1-8303-4542-8e88-08392a4b9c33" />
      <TestMethod codeBase="C:\Users\avist\source\repos\GitHubLocal\Customers\WebTemplate\Backend\WebTemplate.E2ETests\bin\Debug\net9.0\WebTemplate.E2ETests.dll" adapterTypeName="executor://xunit/VsTestRunner2/netcoreapp" className="WebTemplate.E2ETests.AuthFlowTests" name="FullAuthFlow_RegisterLoginLogout_WorksCorrectly" />
    </UnitTest>
  </TestDefinitions>
  <TestEntries>
    <TestEntry testId="24e55f4b-9d90-c75e-c520-8a8114f4f90f" executionId="2798481a-eb6d-4bc4-bda5-5c492f44e812" testListId="8c84fa94-04c1-424b-9868-57a2d4851a1d" />
    <TestEntry testId="a0beac35-b81d-145d-3845-c71ee15057f1" executionId="b48653ce-7931-4f5b-9aee-fd2f0493bf94" testListId="8c84fa94-04c1-424b-9868-57a2d4851a1d" />
    <TestEntry testId="8edf175e-6e5a-ef6e-12bf-3d8626c96773" executionId="20b9da20-d896-4820-b09f-86573c038ec6" testListId="8c84fa94-04c1-424b-9868-57a2d4851a1d" />
    <TestEntry testId="f8799057-0d0e-5042-ca06-c08cf86cd470" executionId="f823d9f4-129a-4bdb-973e-93631dc70a34" testListId="8c84fa94-04c1-424b-9868-57a2d4851a1d" />
    <TestEntry testId="65c8a614-998d-7932-2d63-d947d769200d" executionId="61faef4e-6a96-43cb-ba40-75a530b5928b" testListId="8c84fa94-04c1-424b-9868-57a2d4851a1d" />
    <TestEntry testId="a9fa276b-9edc-7365-095b-eb56cc9af323" executionId="c0c82798-3ac9-4ff7-ac35-32f74f6657a4" testListId="8c84fa94-04c1-424b-9868-57a2d4851a1d" />
    <TestEntry testId="4093e2e0-e458-2062-da1c-c574e97ab4cb" executionId="befa319d-af34-45dc-869e-2ed042241acc" testListId="8c84fa94-04c1-424b-9868-57a2d4851a1d" />
    <TestEntry testId="42c8926a-e956-059a-de04-084c766a92e5" executionId="da05af16-7552-44ce-8aa3-cf8aa6d8a649" testListId="8c84fa94-04c1-424b-9868-57a2d4851a1d" />
    <TestEntry testId="8b0141d1-370a-4bfe-ee81-0fc9e5a4774e" executionId="dbd2c4f1-8303-4542-8e88-08392a4b9c33" testListId="8c84fa94-04c1-424b-9868-57a2d4851a1d" />
  </TestEntries>
  <TestLists>
    <TestList name="Results Not in a List" id="8c84fa94-04c1-424b-9868-57a2d4851a1d" />
    <TestList name="All Loaded Results" id="19431567-8539-422a-85d7-44ee4e166bda" />
  </TestLists>
  <ResultSummary outcome="Failed">
    <Counters total="9" executed="9" passed="0" failed="9" error="0" timeout="0" aborted="0" inconclusive="0" passedButRunAborted="0" notRunnable="0" notExecuted="0" disconnected="0" warning="0" completed="0" inProgress="0" pending="0" />
    <Output>
      <StdOut>[xUnit.net 00:00:00.00] xUnit.net VSTest Adapter v2.8.2+699d445a1a (64-bit .NET 9.0.11)&#xD;
[xUnit.net 00:00:00.14]   Discovering: WebTemplate.E2ETests&#xD;
[xUnit.net 00:00:00.19]   Discovered:  WebTemplate.E2ETests&#xD;
[xUnit.net 00:00:00.20]   Starting:    WebTemplate.E2ETests&#xD;
[E2E Tests] Configuration loaded from: C:\Users\avist\source\repos\GitHubLocal\Customers\WebTemplate\Backend\WebTemplate.API\appsettings.Local.json&#xD;
  Server URL: http://localhost:5294&#xD;
  Admin Email: admin@WebTemplate.com&#xD;
  Request Timeout: 30s&#xD;
[xUnit.net 00:00:04.57]       System.Net.Http.HttpRequestException : No connection could be made because the target machine actively refused it. (localhost:5294)&#xD;
[xUnit.net 00:00:04.57]       ---- System.Net.Sockets.SocketException : No connection could be made because the target machine actively refused it.&#xD;
[xUnit.net 00:00:04.57]       Stack Trace:&#xD;
[xUnit.net 00:00:04.58]            at System.Net.Http.HttpConnectionPool.ConnectToTcpHostAsync(String host, Int32 port, HttpRequestMessage initialRequest, Boolean async, CancellationToken cancellationToken)&#xD;
[xUnit.net 00:00:04.58]            at System.Net.Http.HttpConnectionPool.ConnectAsync(HttpRequestMessage request, Boolean async, CancellationToken cancellationToken)&#xD;
[xUnit.net 00:00:04.58]            at System.Net.Http.HttpConnectionPool.CreateHttp11ConnectionAsync(HttpRequestMessage request, Boolean async, CancellationToken cancellationToken)&#xD;
[xUnit.net 00:00:04.58]            at System.Net.Http.HttpConnectionPool.InjectNewHttp11ConnectionAsync(QueueItem queueItem)&#xD;
[xUnit.net 00:00:04.58]            at System.Threading.Tasks.TaskCompletionSourceWithCancellation`1.WaitWithCancellationAsync(CancellationToken cancellationToken)&#xD;
[xUnit.net 00:00:04.58]            at System.Net.Http.HttpConnectionPool.SendWithVersionDetectionAndRetryAsync(HttpRequestMessage request, Boolean async, Boolean doRequestAuth, CancellationToken cancellationToken)&#xD;
[xUnit.net 00:00:04.58]            at System.Net.Http.RedirectHandler.SendAsync(HttpRequestMessage request, Boolean async, CancellationToken cancellationToken)&#xD;
[xUnit.net 00:00:04.58]            at System.Net.Http.HttpClient.&lt;SendAsync&gt;g__Core|83_0(HttpRequestMessage request, HttpCompletionOption completionOption, CancellationTokenSource cts, Boolean disposeCts, CancellationTokenSource pendingRequestsCts, CancellationToken originalCancellationToken)&#xD;
[xUnit.net 00:00:04.58]         C:\Users\avist\source\repos\GitHubLocal\Customers\WebTemplate\Backend\WebTemplate.E2ETests\AuthFlowTests.cs(105,0): at WebTemplate.E2ETests.AuthFlowTests.RefreshToken_WithValidToken_ReturnsNewTokens()&#xD;
[xUnit.net 00:00:04.58]         --- End of stack trace from previous location ---&#xD;
[xUnit.net 00:00:04.58]         ----- Inner Stack Trace -----&#xD;
[xUnit.net 00:00:04.58]            at System.Net.Sockets.Socket.AwaitableSocketAsyncEventArgs.ThrowException(SocketError error, CancellationToken cancellationToken)&#xD;
[xUnit.net 00:00:04.58]            at System.Net.Sockets.Socket.AwaitableSocketAsyncEventArgs.System.Threading.Tasks.Sources.IValueTaskSource.GetResult(Int16 token)&#xD;
[xUnit.net 00:00:04.58]            at System.Net.Sockets.Socket.&lt;ConnectAsync&gt;g__WaitForConnectWithCancellation|285_0(AwaitableSocketAsyncEventArgs saea, ValueTask connectTask, CancellationToken cancellationToken)&#xD;
[xUnit.net 00:00:04.58]            at System.Net.Http.HttpConnectionPool.ConnectToTcpHostAsync(String host, Int32 port, HttpRequestMessage initialRequest, Boolean async, CancellationToken cancellationToken)&#xD;
[xUnit.net 00:00:08.68]       System.Net.Http.HttpRequestException : No connection could be made because the target machine actively refused it. (localhost:5294)&#xD;
[xUnit.net 00:00:08.68]       ---- System.Net.Sockets.SocketException : No connection could be made because the target machine actively refused it.&#xD;
[xUnit.net 00:00:08.68]       Stack Trace:&#xD;
[xUnit.net 00:00:08.68]            at System.Net.Http.HttpConnectionPool.ConnectToTcpHostAsync(String host, Int32 port, HttpRequestMessage initialRequest, Boolean async, CancellationToken cancellationToken)&#xD;
[xUnit.net 00:00:08.68]            at System.Net.Http.HttpConnectionPool.ConnectAsync(HttpRequestMessage request, Boolean async, CancellationToken cancellationToken)&#xD;
[xUnit.net 00:00:08.68]            at System.Net.Http.HttpConnectionPool.CreateHttp11ConnectionAsync(HttpRequestMessage request, Boolean async, CancellationToken cancellationToken)&#xD;
[xUnit.net 00:00:08.68]            at System.Net.Http.HttpConnectionPool.InjectNewHttp11ConnectionAsync(QueueItem queueItem)&#xD;
[xUnit.net 00:00:08.68]            at System.Threading.Tasks.TaskCompletionSourceWithCancellation`1.WaitWithCancellationAsync(CancellationToken cancellationToken)&#xD;
[xUnit.net 00:00:08.68]            at System.Net.Http.HttpConnectionPool.SendWithVersionDetectionAndRetryAsync(HttpRequestMessage request, Boolean async, Boolean doRequestAuth, CancellationToken cancellationToken)&#xD;
[xUnit.net 00:00:08.68]            at System.Net.Http.RedirectHandler.SendAsync(HttpRequestMessage request, Boolean async, CancellationToken cancellationToken)&#xD;
[xUnit.net 00:00:08.68]            at System.Net.Http.HttpClient.&lt;SendAsync&gt;g__Core|83_0(HttpRequestMessage request, HttpCompletionOption completionOption, CancellationTokenSource cts, Boolean disposeCts, CancellationTokenSource pendingRequestsCts, CancellationToken originalCancellationToken)&#xD;
[xUnit.net 00:00:08.68]         C:\Users\avist\source\repos\GitHubLocal\Customers\WebTemplate\Backend\WebTemplate.E2ETests\AuthFlowTests.cs(67,0): at WebTemplate.E2ETests.AuthFlowTests.Login_WithInvalidCredentials_ReturnsBadRequest()&#xD;
[xUnit.net 00:00:08.68]         --- End of stack trace from previous location ---&#xD;
[xUnit.net 00:00:08.68]         ----- Inner Stack Trace -----&#xD;
[xUnit.net 00:00:08.68]            at System.Net.Sockets.Socket.AwaitableSocketAsyncEventArgs.ThrowException(SocketError error, CancellationToken cancellationToken)&#xD;
[xUnit.net 00:00:08.68]            at System.Net.Sockets.Socket.AwaitableSocketAsyncEventArgs.System.Threading.Tasks.Sources.IValueTaskSource.GetResult(Int16 token)&#xD;
[xUnit.net 00:00:08.68]            at System.Net.Sockets.Socket.&lt;ConnectAsync&gt;g__WaitForConnectWithCancellation|285_0(AwaitableSocketAsyncEventArgs saea, ValueTask connectTask, CancellationToken cancellationToken)&#xD;
[xUnit.net 00:00:08.68]            at System.Net.Http.HttpConnectionPool.ConnectToTcpHostAsync(String host, Int32 port, HttpRequestMessage initialRequest, Boolean async, CancellationToken cancellationToken)&#xD;
[xUnit.net 00:00:12.79]       System.Net.Http.HttpRequestException : No connection could be made because the target machine actively refused it. (localhost:5294)&#xD;
[xUnit.net 00:00:12.79]       ---- System.Net.Sockets.SocketException : No connection could be made because the target machine actively refused it.&#xD;
[xUnit.net 00:00:12.79]       Stack Trace:&#xD;
[xUnit.net 00:00:12.79]            at System.Net.Http.HttpConnectionPool.ConnectToTcpHostAsync(String host, Int32 port, HttpRequestMessage initialRequest, Boolean async, CancellationToken cancellationToken)&#xD;
[xUnit.net 00:00:12.79]            at System.Net.Http.HttpConnectionPool.ConnectAsync(HttpRequestMessage request, Boolean async, CancellationToken cancellationToken)&#xD;
[xUnit.net 00:00:12.79]            at System.Net.Http.HttpConnectionPool.CreateHttp11ConnectionAsync(HttpRequestMessage request, Boolean async, CancellationToken cancellationToken)&#xD;
[xUnit.net 00:00:12.79]            at System.Net.Http.HttpConnectionPool.InjectNewHttp11ConnectionAsync(QueueItem queueItem)&#xD;
[xUnit.net 00:00:12.79]            at System.Threading.Tasks.TaskCompletionSourceWithCancellation`1.WaitWithCancellationAsync(CancellationToken cancellationToken)&#xD;
[xUnit.net 00:00:12.79]            at System.Net.Http.HttpConnectionPool.SendWithVersionDetectionAndRetryAsync(HttpRequestMessage request, Boolean async, Boolean doRequestAuth, CancellationToken cancellationToken)&#xD;
[xUnit.net 00:00:12.79]            at System.Net.Http.RedirectHandler.SendAsync(HttpRequestMessage request, Boolean async, CancellationToken cancellationToken)&#xD;
[xUnit.net 00:00:12.79]            at System.Net.Http.HttpClient.&lt;SendAsync&gt;g__Core|83_0(HttpRequestMessage request, HttpCompletionOption completionOption, CancellationTokenSource cts, Boolean disposeCts, CancellationTokenSource pendingRequestsCts, CancellationToken originalCancellationToken)&#xD;
[xUnit.net 00:00:12.79]         C:\Users\avist\source\repos\GitHubLocal\Customers\WebTemplate\Backend\WebTemplate.E2ETests\E2ETestBase.cs(72,0): at WebTemplate.E2ETests.E2ETestBase.RegisterUserAsync(String email, String password, String firstName, String lastName)&#xD;
[xUnit.net 00:00:12.79]         C:\Users\avist\source\repos\GitHubLocal\Customers\WebTemplate\Backend\WebTemplate.E2ETests\AuthFlowTests.cs(78,0): at WebTemplate.E2ETests.AuthFlowTests.Register_WithDuplicateEmail_ReturnsBadRequest()&#xD;
[xUnit.net 00:00:12.79]         --- End of stack trace from previous location ---&#xD;
[xUnit.net 00:00:12.79]         ----- Inner Stack Trace -----&#xD;
[xUnit.net 00:00:12.79]            at System.Net.Sockets.Socket.AwaitableSocketAsyncEventArgs.ThrowException(SocketError error, CancellationToken cancellationToken)&#xD;
[xUnit.net 00:00:12.79]            at System.Net.Sockets.Socket.AwaitableSocketAsyncEventArgs.System.Threading.Tasks.Sources.IValueTaskSource.GetResult(Int16 token)&#xD;
[xUnit.net 00:00:12.79]            at System.Net.Sockets.Socket.&lt;ConnectAsync&gt;g__WaitForConnectWithCancellation|285_0(AwaitableSocketAsyncEventArgs saea, ValueTask connectTask, CancellationToken cancellationToken)&#xD;
[xUnit.net 00:00:12.79]            at System.Net.Http.HttpConnectionPool.ConnectToTcpHostAsync(String host, Int32 port, HttpRequestMessage initialRequest, Boolean async, CancellationToken cancellationToken)&#xD;
[xUnit.net 00:00:16.89]       System.Net.Http.HttpRequestException : No connection could be made because the target machine actively refused it. (localhost:5294)&#xD;
[xUnit.net 00:00:16.89]       ---- System.Net.Sockets.SocketException : No connection could be made because the target machine actively refused it.&#xD;
[xUnit.net 00:00:16.89]       Stack Trace:&#xD;
[xUnit.net 00:00:16.89]            at System.Net.Http.HttpConnectionPool.ConnectToTcpHostAsync(String host, Int32 port, HttpRequestMessage initialRequest, Boolean async, CancellationToken cancellationToken)&#xD;
[xUnit.net 00:00:16.89]            at System.Net.Http.HttpConnectionPool.ConnectAsync(HttpRequestMessage request, Boolean async, CancellationToken cancellationToken)&#xD;
[xUnit.net 00:00:16.89]            at System.Net.Http.HttpConnectionPool.CreateHttp11ConnectionAsync(HttpRequestMessage request, Boolean async, CancellationToken cancellationToken)&#xD;
[xUnit.net 00:00:16.89]            at System.Net.Http.HttpConnectionPool.InjectNewHttp11ConnectionAsync(QueueItem queueItem)&#xD;
[xUnit.net 00:00:16.89]            at System.Threading.Tasks.TaskCompletionSourceWithCancellation`1.WaitWithCancellationAsync(CancellationToken cancellationToken)&#xD;
[xUnit.net 00:00:16.89]            at System.Net.Http.HttpConnectionPool.SendWithVersionDetectionAndRetryAsync(HttpRequestMessage request, Boolean async, Boolean doRequestAuth, CancellationToken cancellationToken)&#xD;
[xUnit.net 00:00:16.89]            at System.Net.Http.RedirectHandler.SendAsync(HttpRequestMessage request, Boolean async, CancellationToken cancellationToken)&#xD;
[xUnit.net 00:00:16.89]            at System.Net.Http.HttpClient.&lt;SendAsync&gt;g__Core|83_0(HttpRequestMessage request, HttpCompletionOption completionOption, CancellationTokenSource cts, Boolean disposeCts, CancellationTokenSource pendingRequestsCts, CancellationToken originalCancellationToken)&#xD;
[xUnit.net 00:00:16.89]         C:\Users\avist\source\repos\GitHubLocal\Customers\WebTemplate\Backend\WebTemplate.E2ETests\E2ETestBase.cs(72,0): at WebTemplate.E2ETests.E2ETestBase.RegisterUserAsync(String email, String password, String firstName, String lastName)&#xD;
[xUnit.net 00:00:16.89]         C:\Users\avist\source\repos\GitHubLocal\Customers\WebTemplate\Backend\WebTemplate.E2ETests\AuthFlowTests.cs(25,0): at WebTemplate.E2ETests.AuthFlowTests.FullAuthFlow_RegisterLoginLogout_WorksCorrectly()&#xD;
[xUnit.net 00:00:16.89]         --- End of stack trace from previous location ---&#xD;
[xUnit.net 00:00:16.90]         ----- Inner Stack Trace -----&#xD;
[xUnit.net 00:00:16.90]            at System.Net.Sockets.Socket.AwaitableSocketAsyncEventArgs.ThrowException(SocketError error, CancellationToken cancellationToken)&#xD;
[xUnit.net 00:00:16.90]            at System.Net.Sockets.Socket.AwaitableSocketAsyncEventArgs.System.Threading.Tasks.Sources.IValueTaskSource.GetResult(Int16 token)&#xD;
[xUnit.net 00:00:16.90]            at System.Net.Sockets.Socket.&lt;ConnectAsync&gt;g__WaitForConnectWithCancellation|285_0(AwaitableSocketAsyncEventArgs saea, ValueTask connectTask, CancellationToken cancellationToken)&#xD;
[xUnit.net 00:00:16.90]            at System.Net.Http.HttpConnectionPool.ConnectToTcpHostAsync(String host, Int32 port, HttpRequestMessage initialRequest, Boolean async, CancellationToken cancellationToken)&#xD;
[xUnit.net 00:00:21.00]       System.Net.Http.HttpRequestException : No connection could be made because the target machine actively refused it. (localhost:5294)&#xD;
[xUnit.net 00:00:21.00]       ---- System.Net.Sockets.SocketException : No connection could be made because the target machine actively refused it.&#xD;
[xUnit.net 00:00:21.00]       Stack Trace:&#xD;
[xUnit.net 00:00:21.00]            at System.Net.Http.HttpConnectionPool.ConnectToTcpHostAsync(String host, Int32 port, HttpRequestMessage initialRequest, Boolean async, CancellationToken cancellationToken)&#xD;
[xUnit.net 00:00:21.00]            at System.Net.Http.HttpConnectionPool.ConnectAsync(HttpRequestMessage request, Boolean async, CancellationToken cancellationToken)&#xD;
[xUnit.net 00:00:21.00]            at System.Net.Http.HttpConnectionPool.CreateHttp11ConnectionAsync(HttpRequestMessage request, Boolean async, CancellationToken cancellationToken)&#xD;
[xUnit.net 00:00:21.00]            at System.Net.Http.HttpConnectionPool.InjectNewHttp11ConnectionAsync(QueueItem queueItem)&#xD;
[xUnit.net 00:00:21.00]            at System.Threading.Tasks.TaskCompletionSourceWithCancellation`1.WaitWithCancellationAsync(CancellationToken cancellationToken)&#xD;
[xUnit.net 00:00:21.00]            at System.Net.Http.HttpConnectionPool.SendWithVersionDetectionAndRetryAsync(HttpRequestMessage request, Boolean async, Boolean doRequestAuth, CancellationToken cancellationToken)&#xD;
[xUnit.net 00:00:21.00]            at System.Net.Http.RedirectHandler.SendAsync(HttpRequestMessage request, Boolean async, CancellationToken cancellationToken)&#xD;
[xUnit.net 00:00:21.00]            at System.Net.Http.HttpClient.&lt;SendAsync&gt;g__Core|83_0(HttpRequestMessage request, HttpCompletionOption completionOption, CancellationTokenSource cts, Boolean disposeCts, CancellationTokenSource pendingRequestsCts, CancellationToken originalCancellationToken)&#xD;
[xUnit.net 00:00:21.00]         C:\Users\avist\source\repos\GitHubLocal\Customers\WebTemplate\Backend\WebTemplate.E2ETests\E2ETestBase.cs(72,0): at WebTemplate.E2ETests.E2ETestBase.RegisterUserAsync(String email, String password, String firstName, String lastName)&#xD;
[xUnit.net 00:00:21.00]         C:\Users\avist\source\repos\GitHubLocal\Customers\WebTemplate\Backend\WebTemplate.E2ETests\SmokeTests.cs(53,0): at WebTemplate.E2ETests.SmokeTests.Auth_RegisterNewUser_Succeeds()&#xD;
[xUnit.net 00:00:21.00]         --- End of stack trace from previous location ---&#xD;
[xUnit.net 00:00:21.00]         ----- Inner Stack Trace -----&#xD;
[xUnit.net 00:00:21.00]            at System.Net.Sockets.Socket.AwaitableSocketAsyncEventArgs.ThrowException(SocketError error, CancellationToken cancellationToken)&#xD;
[xUnit.net 00:00:21.00]            at System.Net.Sockets.Socket.AwaitableSocketAsyncEventArgs.System.Threading.Tasks.Sources.IValueTaskSource.GetResult(Int16 token)&#xD;
[xUnit.net 00:00:21.00]            at System.Net.Sockets.Socket.&lt;ConnectAsync&gt;g__WaitForConnectWithCancellation|285_0(AwaitableSocketAsyncEventArgs saea, ValueTask connectTask, CancellationToken cancellationToken)&#xD;
[xUnit.net 00:00:21.00]            at System.Net.Http.HttpConnectionPool.ConnectToTcpHostAsync(String host, Int32 port, HttpRequestMessage initialRequest, Boolean async, CancellationToken cancellationToken)&#xD;
[xUnit.net 00:00:25.09]       System.Net.Http.HttpRequestException : No connection could be made because the target machine actively refused it. (localhost:5294)&#xD;
[xUnit.net 00:00:25.09]       ---- System.Net.Sockets.SocketException : No connection could be made because the target machine actively refused it.&#xD;
[xUnit.net 00:00:25.09]       Stack Trace:&#xD;
[xUnit.net 00:00:25.09]            at System.Net.Http.HttpConnectionPool.ConnectToTcpHostAsync(String host, Int32 port, HttpRequestMessage initialRequest, Boolean async, CancellationToken cancellationToken)&#xD;
[xUnit.net 00:00:25.09]            at System.Net.Http.HttpConnectionPool.ConnectAsync(HttpRequestMessage request, Boolean async, CancellationToken cancellationToken)&#xD;
[xUnit.net 00:00:25.09]            at System.Net.Http.HttpConnectionPool.CreateHttp11ConnectionAsync(HttpRequestMessage request, Boolean async, CancellationToken cancellationToken)&#xD;
[xUnit.net 00:00:25.09]            at System.Net.Http.HttpConnectionPool.InjectNewHttp11ConnectionAsync(QueueItem queueItem)&#xD;
[xUnit.net 00:00:25.09]            at System.Threading.Tasks.TaskCompletionSourceWithCancellation`1.WaitWithCancellationAsync(CancellationToken cancellationToken)&#xD;
[xUnit.net 00:00:25.09]            at System.Net.Http.HttpConnectionPool.SendWithVersionDetectionAndRetryAsync(HttpRequestMessage request, Boolean async, Boolean doRequestAuth, CancellationToken cancellationToken)&#xD;
[xUnit.net 00:00:25.09]            at System.Net.Http.RedirectHandler.SendAsync(HttpRequestMessage request, Boolean async, CancellationToken cancellationToken)&#xD;
[xUnit.net 00:00:25.09]            at System.Net.Http.HttpClient.&lt;SendAsync&gt;g__Core|83_0(HttpRequestMessage request, HttpCompletionOption completionOption, CancellationTokenSource cts, Boolean disposeCts, CancellationTokenSource pendingRequestsCts, CancellationToken originalCancellationToken)&#xD;
[xUnit.net 00:00:25.09]         C:\Users\avist\source\repos\GitHubLocal\Customers\WebTemplate\Backend\WebTemplate.E2ETests\E2ETestBase.cs(46,0): at WebTemplate.E2ETests.E2ETestBase.LoginAsAdminAsync()&#xD;
[xUnit.net 00:00:25.09]         C:\Users\avist\source\repos\GitHubLocal\Customers\WebTemplate\Backend\WebTemplate.E2ETests\SmokeTests.cs(39,0): at WebTemplate.E2ETests.SmokeTests.Auth_AdminLogin_Succeeds()&#xD;
[xUnit.net 00:00:25.09]         --- End of stack trace from previous location ---&#xD;
[xUnit.net 00:00:25.09]         ----- Inner Stack Trace -----&#xD;
[xUnit.net 00:00:25.09]            at System.Net.Sockets.Socket.AwaitableSocketAsyncEventArgs.ThrowException(SocketError error, CancellationToken cancellationToken)&#xD;
[xUnit.net 00:00:25.09]            at System.Net.Sockets.Socket.AwaitableSocketAsyncEventArgs.System.Threading.Tasks.Sources.IValueTaskSource.GetResult(Int16 token)&#xD;
[xUnit.net 00:00:25.09]            at System.Net.Sockets.Socket.&lt;ConnectAsync&gt;g__WaitForConnectWithCancellation|285_0(AwaitableSocketAsyncEventArgs saea, ValueTask connectTask, CancellationToken cancellationToken)&#xD;
[xUnit.net 00:00:25.09]            at System.Net.Http.HttpConnectionPool.ConnectToTcpHostAsync(String host, Int32 port, HttpRequestMessage initialRequest, Boolean async, CancellationToken cancellationToken)&#xD;
[xUnit.net 00:00:29.19]       System.Net.Http.HttpRequestException : No connection could be made because the target machine actively refused it. (localhost:5294)&#xD;
[xUnit.net 00:00:29.19]       ---- System.Net.Sockets.SocketException : No connection could be made because the target machine actively refused it.&#xD;
[xUnit.net 00:00:29.19]       Stack Trace:&#xD;
[xUnit.net 00:00:29.19]            at System.Net.Http.HttpConnectionPool.ConnectToTcpHostAsync(String host, Int32 port, HttpRequestMessage initialRequest, Boolean async, CancellationToken cancellationToken)&#xD;
[xUnit.net 00:00:29.19]            at System.Net.Http.HttpConnectionPool.ConnectAsync(HttpRequestMessage request, Boolean async, CancellationToken cancellationToken)&#xD;
[xUnit.net 00:00:29.19]            at System.Net.Http.HttpConnectionPool.CreateHttp11ConnectionAsync(HttpRequestMessage request, Boolean async, CancellationToken cancellationToken)&#xD;
[xUnit.net 00:00:29.19]            at System.Net.Http.HttpConnectionPool.InjectNewHttp11ConnectionAsync(QueueItem queueItem)&#xD;
[xUnit.net 00:00:29.19]            at System.Threading.Tasks.TaskCompletionSourceWithCancellation`1.WaitWithCancellationAsync(CancellationToken cancellationToken)&#xD;
[xUnit.net 00:00:29.19]            at System.Net.Http.HttpConnectionPool.SendWithVersionDetectionAndRetryAsync(HttpRequestMessage request, Boolean async, Boolean doRequestAuth, CancellationToken cancellationToken)&#xD;
[xUnit.net 00:00:29.19]            at System.Net.Http.RedirectHandler.SendAsync(HttpRequestMessage request, Boolean async, CancellationToken cancellationToken)&#xD;
[xUnit.net 00:00:29.19]            at System.Net.Http.HttpClient.&lt;SendAsync&gt;g__Core|83_0(HttpRequestMessage request, HttpCompletionOption completionOption, CancellationTokenSource cts, Boolean disposeCts, CancellationTokenSource pendingRequestsCts, CancellationToken originalCancellationToken)&#xD;
[xUnit.net 00:00:29.19]         C:\Users\avist\source\repos\GitHubLocal\Customers\WebTemplate\Backend\WebTemplate.E2ETests\E2ETestBase.cs(46,0): at WebTemplate.E2ETests.E2ETestBase.LoginAsAdminAsync()&#xD;
[xUnit.net 00:00:29.19]         C:\Users\avist\source\repos\GitHubLocal\Customers\WebTemplate\Backend\WebTemplate.E2ETests\SmokeTests.cs(64,0): at WebTemplate.E2ETests.SmokeTests.Auth_GetStatus_WithValidToken_ReturnsUserInfo()&#xD;
[xUnit.net 00:00:29.19]         --- End of stack trace from previous location ---&#xD;
[xUnit.net 00:00:29.19]         ----- Inner Stack Trace -----&#xD;
[xUnit.net 00:00:29.19]            at System.Net.Sockets.Socket.AwaitableSocketAsyncEventArgs.ThrowException(SocketError error, CancellationToken cancellationToken)&#xD;
[xUnit.net 00:00:29.19]            at System.Net.Sockets.Socket.AwaitableSocketAsyncEventArgs.System.Threading.Tasks.Sources.IValueTaskSource.GetResult(Int16 token)&#xD;
[xUnit.net 00:00:29.19]            at System.Net.Sockets.Socket.&lt;ConnectAsync&gt;g__WaitForConnectWithCancellation|285_0(AwaitableSocketAsyncEventArgs saea, ValueTask connectTask, CancellationToken cancellationToken)&#xD;
[xUnit.net 00:00:29.19]            at System.Net.Http.HttpConnectionPool.ConnectToTcpHostAsync(String host, Int32 port, HttpRequestMessage initialRequest, Boolean async, CancellationToken cancellationToken)&#xD;
[xUnit.net 00:00:33.29]       System.Net.Http.HttpRequestException : No connection could be made because the target machine actively refused it. (localhost:5294)&#xD;
[xUnit.net 00:00:33.29]       ---- System.Net.Sockets.SocketException : No connection could be made because the target machine actively refused it.&#xD;
[xUnit.net 00:00:33.29]       Stack Trace:&#xD;
[xUnit.net 00:00:33.29]            at System.Net.Http.HttpConnectionPool.ConnectToTcpHostAsync(String host, Int32 port, HttpRequestMessage initialRequest, Boolean async, CancellationToken cancellationToken)&#xD;
[xUnit.net 00:00:33.29]            at System.Net.Http.HttpConnectionPool.ConnectAsync(HttpRequestMessage request, Boolean async, CancellationToken cancellationToken)&#xD;
[xUnit.net 00:00:33.29]            at System.Net.Http.HttpConnectionPool.CreateHttp11ConnectionAsync(HttpRequestMessage request, Boolean async, CancellationToken cancellationToken)&#xD;
[xUnit.net 00:00:33.29]            at System.Net.Http.HttpConnectionPool.InjectNewHttp11ConnectionAsync(QueueItem queueItem)&#xD;
[xUnit.net 00:00:33.29]            at System.Threading.Tasks.TaskCompletionSourceWithCancellation`1.WaitWithCancellationAsync(CancellationToken cancellationToken)&#xD;
[xUnit.net 00:00:33.29]            at System.Net.Http.HttpConnectionPool.SendWithVersionDetectionAndRetryAsync(HttpRequestMessage request, Boolean async, Boolean doRequestAuth, CancellationToken cancellationToken)&#xD;
[xUnit.net 00:00:33.29]            at System.Net.Http.RedirectHandler.SendAsync(HttpRequestMessage request, Boolean async, CancellationToken cancellationToken)&#xD;
[xUnit.net 00:00:33.29]            at System.Net.Http.HttpClient.&lt;SendAsync&gt;g__Core|83_0(HttpRequestMessage request, HttpCompletionOption completionOption, CancellationTokenSource cts, Boolean disposeCts, CancellationTokenSource pendingRequestsCts, CancellationToken originalCancellationToken)&#xD;
[xUnit.net 00:00:33.29]         C:\Users\avist\source\repos\GitHubLocal\Customers\WebTemplate\Backend\WebTemplate.E2ETests\SmokeTests.cs(26,0): at WebTemplate.E2ETests.SmokeTests.Backend_IsRunning_AndResponsive()&#xD;
[xUnit.net 00:00:33.29]         --- End of stack trace from previous location ---&#xD;
[xUnit.net 00:00:33.29]         ----- Inner Stack Trace -----&#xD;
[xUnit.net 00:00:33.29]            at System.Net.Sockets.Socket.AwaitableSocketAsyncEventArgs.ThrowException(SocketError error, CancellationToken cancellationToken)&#xD;
[xUnit.net 00:00:33.29]            at System.Net.Sockets.Socket.AwaitableSocketAsyncEventArgs.System.Threading.Tasks.Sources.IValueTaskSource.GetResult(Int16 token)&#xD;
[xUnit.net 00:00:33.29]            at System.Net.Sockets.Socket.&lt;ConnectAsync&gt;g__WaitForConnectWithCancellation|285_0(AwaitableSocketAsyncEventArgs saea, ValueTask connectTask, CancellationToken cancellationToken)&#xD;
[xUnit.net 00:00:33.29]            at System.Net.Http.HttpConnectionPool.ConnectToTcpHostAsync(String host, Int32 port, HttpRequestMessage initialRequest, Boolean async, CancellationToken cancellationToken)&#xD;
[xUnit.net 00:00:37.38]       System.Net.Http.HttpRequestException : No connection could be made because the target machine actively refused it. (localhost:5294)&#xD;
[xUnit.net 00:00:37.38]       ---- System.Net.Sockets.SocketException : No connection could be made because the target machine actively refused it.&#xD;
[xUnit.net 00:00:37.38]       Stack Trace:&#xD;
[xUnit.net 00:00:37.38]            at System.Net.Http.HttpConnectionPool.ConnectToTcpHostAsync(String host, Int32 port, HttpRequestMessage initialRequest, Boolean async, CancellationToken cancellationToken)&#xD;
[xUnit.net 00:00:37.38]            at System.Net.Http.HttpConnectionPool.ConnectAsync(HttpRequestMessage request, Boolean async, CancellationToken cancellationToken)&#xD;
[xUnit.net 00:00:37.38]            at System.Net.Http.HttpConnectionPool.CreateHttp11ConnectionAsync(HttpRequestMessage request, Boolean async, CancellationToken cancellationToken)&#xD;
[xUnit.net 00:00:37.38]            at System.Net.Http.HttpConnectionPool.InjectNewHttp11ConnectionAsync(QueueItem queueItem)&#xD;
[xUnit.net 00:00:37.38]            at System.Threading.Tasks.TaskCompletionSourceWithCancellation`1.WaitWithCancellationAsync(CancellationToken cancellationToken)&#xD;
[xUnit.net 00:00:37.38]            at System.Net.Http.HttpConnectionPool.SendWithVersionDetectionAndRetryAsync(HttpRequestMessage request, Boolean async, Boolean doRequestAuth, CancellationToken cancellationToken)&#xD;
[xUnit.net 00:00:37.38]            at System.Net.Http.RedirectHandler.SendAsync(HttpRequestMessage request, Boolean async, CancellationToken cancellationToken)&#xD;
[xUnit.net 00:00:37.38]            at System.Net.Http.HttpClient.&lt;SendAsync&gt;g__Core|83_0(HttpRequestMessage request, HttpCompletionOption completionOption, CancellationTokenSource cts, Boolean disposeCts, CancellationTokenSource pendingRequestsCts, CancellationToken originalCancellationToken)&#xD;
[xUnit.net 00:00:37.38]         C:\Users\avist\source\repos\GitHubLocal\Customers\WebTemplate\Backend\WebTemplate.E2ETests\E2ETestBase.cs(46,0): at WebTemplate.E2ETests.E2ETestBase.LoginAsAdminAsync()&#xD;
[xUnit.net 00:00:37.38]         C:\Users\avist\source\repos\GitHubLocal\Customers\WebTemplate\Backend\WebTemplate.E2ETests\SmokeTests.cs(82,0): at WebTemplate.E2ETests.SmokeTests.User_GetProfile_WithValidToken_ReturnsProfile()&#xD;
[xUnit.net 00:00:37.38]         --- End of stack trace from previous location ---&#xD;
[xUnit.net 00:00:37.38]         ----- Inner Stack Trace -----&#xD;
[xUnit.net 00:00:37.38]            at System.Net.Sockets.Socket.AwaitableSocketAsyncEventArgs.ThrowException(SocketError error, CancellationToken cancellationToken)&#xD;
[xUnit.net 00:00:37.39]            at System.Net.Sockets.Socket.AwaitableSocketAsyncEventArgs.System.Threading.Tasks.Sources.IValueTaskSource.GetResult(Int16 token)&#xD;
[xUnit.net 00:00:37.39]            at System.Net.Sockets.Socket.&lt;ConnectAsync&gt;g__WaitForConnectWithCancellation|285_0(AwaitableSocketAsyncEventArgs saea, ValueTask connectTask, CancellationToken cancellationToken)&#xD;
[xUnit.net 00:00:37.39]            at System.Net.Http.HttpConnectionPool.ConnectToTcpHostAsync(String host, Int32 port, HttpRequestMessage initialRequest, Boolean async, CancellationToken cancellationToken)&#xD;
[xUnit.net 00:00:37.39]   Finished:    WebTemplate.E2ETests&#xD;
</StdOut>
    </Output>
    <RunInfos>
      <RunInfo computerName="STRUL-LAPTOP" outcome="Error" timestamp="2025-11-16T04:55:20.2186293+02:00">
        <Text>[xUnit.net 00:00:04.57]     WebTemplate.E2ETests.AuthFlowTests.RefreshToken_WithValidToken_ReturnsNewTokens [FAIL]</Text>
      </RunInfo>
      <RunInfo computerName="STRUL-LAPTOP" outcome="Error" timestamp="2025-11-16T04:55:24.3218992+02:00">
        <Text>[xUnit.net 00:00:08.67]     WebTemplate.E2ETests.AuthFlowTests.Login_WithInvalidCredentials_ReturnsBadRequest [FAIL]</Text>
      </RunInfo>
      <RunInfo computerName="STRUL-LAPTOP" outcome="Error" timestamp="2025-11-16T04:55:28.4348557+02:00">
        <Text>[xUnit.net 00:00:12.79]     WebTemplate.E2ETests.AuthFlowTests.Register_WithDuplicateEmail_ReturnsBadRequest [FAIL]</Text>
      </RunInfo>
      <RunInfo computerName="STRUL-LAPTOP" outcome="Error" timestamp="2025-11-16T04:55:32.5384313+02:00">
        <Text>[xUnit.net 00:00:16.89]     WebTemplate.E2ETests.AuthFlowTests.FullAuthFlow_RegisterLoginLogout_WorksCorrectly [FAIL]</Text>
      </RunInfo>
      <RunInfo computerName="STRUL-LAPTOP" outcome="Error" timestamp="2025-11-16T04:55:36.6451541+02:00">
        <Text>[xUnit.net 00:00:21.00]     WebTemplate.E2ETests.SmokeTests.Auth_RegisterNewUser_Succeeds [FAIL]</Text>
      </RunInfo>
      <RunInfo computerName="STRUL-LAPTOP" outcome="Error" timestamp="2025-11-16T04:55:40.7345387+02:00">
        <Text>[xUnit.net 00:00:25.09]     WebTemplate.E2ETests.SmokeTests.Auth_AdminLogin_Succeeds [FAIL]</Text>
      </RunInfo>
      <RunInfo computerName="STRUL-LAPTOP" outcome="Error" timestamp="2025-11-16T04:55:44.8343968+02:00">
        <Text>[xUnit.net 00:00:29.19]     WebTemplate.E2ETests.SmokeTests.Auth_GetStatus_WithValidToken_ReturnsUserInfo [FAIL]</Text>
      </RunInfo>
      <RunInfo computerName="STRUL-LAPTOP" outcome="Error" timestamp="2025-11-16T04:55:48.9359408+02:00">
        <Text>[xUnit.net 00:00:33.29]     WebTemplate.E2ETests.SmokeTests.Backend_IsRunning_AndResponsive [FAIL]</Text>
      </RunInfo>
      <RunInfo computerName="STRUL-LAPTOP" outcome="Error" timestamp="2025-11-16T04:55:53.0283298+02:00">
        <Text>[xUnit.net 00:00:37.38]     WebTemplate.E2ETests.SmokeTests.User_GetProfile_WithValidToken_ReturnsProfile [FAIL]</Text>
      </RunInfo>
    </RunInfos>
  </ResultSummary>
</TestRun>